Turbo Assembler	 Version 4.1	    02/15/23 02:08:56	    Page 1
makefram.asm



      1	0000			     .model tiny
      2	0000			     .code
      3				     org 100h
      4
      5	0100  B8 B800		     Start:  mov ax, 0b800h
      6	0103  8E C0			     mov es, ax
      7
      8	0105  33 DB			     xor bx, bx	     ;bx - offset
      9	0107  BB 02D0			     mov bx, 160d*4d + 80d
     10	010A  BD 0005			     mov bp, 5d	     ;height
     11	010D  BC 0001			     mov sp, 1d	     ;weight
     12	0110  B6 7E			     mov dh, 07eh    ;color atr
     13
     14	0112  E8 0005			     call DrawFrame
     15
     16	0115  B8 4C00			     mov ax, 4c00h
     17	0118  CD 21			     int 21h
     18
     19				     ;------------------------------------------
     20				     ;DrawFrame
     21				     ;------------------------------------------
     22				     ;Expects: es->videomemory
     23				     ;
     24				     ;Entry: bx	- offset in vmem
     25				     ;		     dp	- height of frame
     26				     ;		     sp	- weight of fram
     27				     ;		     dh	- color	atr
     28				     ;
     29				     ;Destroys:	bx, di,	si, dx,
     30				     ;------------------------------------------
     31
     32	011A			     DrawFrame	     proc
     33
     34	011A  33 FF			     xor di, di	     ;y	offset
     35	011C  33 F6			     xor si, si	     ;x	offset
     36
     37	011E  8A 16 0000r		     mov dl, frame		;left upper corner
     38	0122  26: 89 17			     mov word ptr es:[bx], dx
     39	0125  83 C3 02			     add bx, 2
     40
     41	0128  8A 16 0004r		     mov dl, frame[4]	     ;horisontal border
     42
     43	012C				     next_top:				     ;draw top
     44	012C  26: 89 17				     mov word ptr es:[bx], dx
     45
     46	012F  46				     inc si
     47	0130  83 C3 02				     add bx, 2
     48	0133  3B F4				     cmp si, sp
     49	0135  7C F5				     jl	next_top
     50
     51	0137  8A 16 0001r		     mov dl, frame[1]		     ;right top	corner
     52	013B  26: 89 17			     mov word ptr es:[bx], dx
     53
     54	013E  81 C3 00A0		     add bx, 160d		     ;new line
     55	0142  8A 16 0005r		     mov dl, frame[5]		     ;vertical border
     56
     57	0146				     next_right:		     ;draw right
Turbo Assembler	 Version 4.1	    02/15/23 02:08:56	    Page 2
makefram.asm



     58	0146  26: 89 17				     mov word ptr es:[bx], dx
     59
     60	0149  47				     inc di
     61	014A  81 C3 00A0			     add bx, 160d
     62	014E  3B FD				     cmp di, bp
     63	0150  7C F4				     jl	next_right
     64
     65	0152  8A 16 0003r		     mov dl, frame[3]		     ;right bottom corner
     66	0156  26: 89 17			     mov word ptr es:[bx], dx
     67	0159  83 EB 02			     sub bx, 2d
     68
     69	015C  8A 16 0004r		     mov dl, frame[4]
     70
     71	0160				     next_bottom:		     ;draw bottom
     72	0160  26: 89 17				     mov word ptr es:[bx], dx
     73
     74	0163  4E				     dec si
     75	0164  83 EB 02				     sub bx, 2d
     76	0167  83 FE 00				     cmp si, 0
     77	016A  77 F4				     ja	next_bottom
     78
     79	016C  8A 16 0002r		     mov dl, frame[2]		     ;left bottom corner
     80	0170  26: 89 17			     mov word ptr es:[bx], dx
     81	0173  81 EB 00A0		     sub bx, 160d
     82
     83	0177  8A 16 0005r		     mov dl, frame[5]		     ;vertical border
     84
     85	017B				     next_left:				     ;draw left
     86	017B  26: 89 17				     mov word ptr es:[bx], dx
     87
     88	017E  4F				     dec di
     89	017F  81 EB 00A0			     sub bx, 160d
     90	0183  83 FF 00				     cmp di, 0
     91	0186  77 F3				     ja	next_left
     92
     93	0188  C3			     ret
     94	0189				     endp
     95
     96	0189			     .data
     97	0000  C9 BB C8 BC CD BA	     frame db 0c9h, 0bbh, 0c8h,	0bch, 0cdh, 0bah
     98				     ;	   _ _	 |_   _|  =   ||
     99				     ;	  |   |
    100
    101				     end Start
Turbo Assembler	 Version 4.1	    02/15/23 02:08:56	    Page 3
Symbol Table




Symbol Name			  Type	 Value

??DATE				  Text	 "02/15/23"
??FILENAME			  Text	 "makefram"
??TIME				  Text	 "02:08:56"
??VERSION			  Number 040A
@32BIT				  Text	 0
@CODE				  Text	 DGROUP
@CODESIZE			  Text	 0
@CPU				  Text	 0101H
@CURSEG				  Text	 _DATA
@DATA				  Text	 DGROUP
@DATASIZE			  Text	 0
@FILENAME			  Text	 MAKEFRAM
@INTERFACE			  Text	 000H
@MODEL				  Text	 1
@STACK				  Text	 DGROUP
@WORDSIZE			  Text	 2
DRAWFRAME			  Near	 DGROUP:011A
FRAME				  Byte	 DGROUP:0000
NEXT_BOTTOM			  Near	 DGROUP:0160
NEXT_LEFT			  Near	 DGROUP:017B
NEXT_RIGHT			  Near	 DGROUP:0146
NEXT_TOP			  Near	 DGROUP:012C
START				  Near	 DGROUP:0100

Groups & Segments		  Bit Size Align  Combine Class

DGROUP				  Group
  _DATA				  16  0006 Word	  Public  DATA
  _TEXT				  16  0189 Word	  Public  CODE
